// Jest Snapshot v1, https://goo.gl/fbAQLP

exports[`WidgetmaxMin renders the component 1`] = `
<div>
  <div
    aria-label="My aria label"
    class="MuiGrid2-root MuiGrid2-container MuiGrid2-direction-xs-row sc-KXCwU byIAil widget css-1jxwjqx-MuiGrid2-root"
  >
    <div
      aria-hidden="true"
      class="MuiGrid2-root MuiGrid2-direction-xs-row css-1fzlhpv-MuiGrid2-root"
    >
      <p>
        <svg
          aria-hidden="true"
          class="MuiSvgIcon-root MuiSvgIcon-fontSizeMedium css-1umw9bq-MuiSvgIcon-root"
          data-testid="ThermostatIcon"
          focusable="false"
          viewBox="0 0 24 24"
        >
          <path
            d="M15 13V5c0-1.66-1.34-3-3-3S9 3.34 9 5v8c-1.21.91-2 2.37-2 4 0 2.76 2.24 5 5 5s5-2.24 5-5c0-1.63-.79-3.09-2-4m-4-2V5c0-.55.45-1 1-1s1 .45 1 1v1h-1v1h1v2h-1v1h1v1z"
          />
        </svg>
         Min
      </p>
      <p
        class="value"
      >
        20 F
      </p>
    </div>
    <div
      aria-hidden="true"
      class="MuiGrid2-root MuiGrid2-direction-xs-row css-1fzlhpv-MuiGrid2-root"
    >
      <p>
        <svg
          aria-hidden="true"
          class="MuiSvgIcon-root MuiSvgIcon-fontSizeMedium css-1umw9bq-MuiSvgIcon-root"
          data-testid="ThermostatIcon"
          focusable="false"
          viewBox="0 0 24 24"
        >
          <path
            d="M15 13V5c0-1.66-1.34-3-3-3S9 3.34 9 5v8c-1.21.91-2 2.37-2 4 0 2.76 2.24 5 5 5s5-2.24 5-5c0-1.63-.79-3.09-2-4m-4-2V5c0-.55.45-1 1-1s1 .45 1 1v1h-1v1h1v2h-1v1h1v1z"
          />
        </svg>
         Max
      </p>
      <p
        class="value"
      >
        30 F
      </p>
    </div>
  </div>
</div>
`;
